[15Apr2025 13:19:21.083] [main/INFO] [cpw.mods.modlauncher.Launcher/MODLAUNCHER]: ModLauncher running: args [--launchTarget, neoforgeclientdev, --version, 21.4.124, --assetIndex, 19, --assetsDir, C:\\Users\\ryank\\.gradle\\caches\\neoformruntime\\assets, --gameDir, ., --fml.fmlVersion, 6.0.11, --fml.mcVersion, 1.21.4, --fml.neoForgeVersion, 21.4.124, --fml.neoFormVersion, 20241203.161809]
[15Apr2025 13:19:21.097] [main/INFO] [cpw.mods.modlauncher.Launcher/MODLAUNCHER]: JVM identified as Oracle Corporation Java HotSpot(TM) 64-Bit Server VM 21.0.3+7-LTS-152
[15Apr2025 13:19:21.103] [main/INFO] [cpw.mods.modlauncher.Launcher/MODLAUNCHER]: ModLauncher 11.0.4+main.d2e20e43 starting: java version 21.0.3 by Oracle Corporation; OS Windows 11 arch amd64 version 10.0
[15Apr2025 13:19:21.303] [main/INFO] [net.neoforged.fml.loading.ImmediateWindowHandler/]: Loading ImmediateWindowProvider fmlearlywindow
[15Apr2025 13:19:21.501] [main/INFO] [EARLYDISPLAY/]: Trying GL version 4.6
[15Apr2025 13:19:21.995] [main/INFO] [EARLYDISPLAY/]: Requested GL version 4.6 got version 4.6
[15Apr2025 13:19:22.154] [main/INFO] [mixin/]: SpongePowered MIXIN Subsystem Version=0.8.7 Source=union:/C:/Users/ryank/.gradle/caches/modules-2/files-2.1/net.fabricmc/sponge-mixin/0.15.2+mixin.0.8.7/2af2f021d8e02a0220dc27a7a72b4666d66d44ca/sponge-mixin-0.15.2+mixin.0.8.7.jar%23162!/ Service=ModLauncher Env=CLIENT
[15Apr2025 13:19:22.494] [pool-2-thread-1/INFO] [EARLYDISPLAY/]: GL info: NVIDIA GeForce RTX 3050 Laptop GPU/PCIe/SSE2 GL version 4.6.0 NVIDIA 561.19, NVIDIA Corporation
[15Apr2025 13:19:22.728] [main/INFO] [net.neoforged.fml.loading.moddiscovery.locators.JarInJarDependencyLocator/]: Found 2 dependencies adding them to mods collection
[15Apr2025 13:19:22.731] [main/INFO] [net.neoforged.fml.loading.moddiscovery.ModDiscoverer/]: 
     Mod List:
		Name Version (Mod Id)

		Couplings 1.0.0 (couplings)
		Forge Config API Port 21.4.1 (forgeconfigapiport)
		Minecraft 1.21.4 (minecraft)
		NeoForge 21.4.124 (neoforge)
[15Apr2025 13:19:23.896] [main/INFO] [mixin/]: Compatibility level set to JAVA_17
[15Apr2025 13:19:23.902] [main/INFO] [mixin/]: Compatibility level set to JAVA_18
[15Apr2025 13:19:23.904] [main/INFO] [mixin/]: Compatibility level set to JAVA_21
[15Apr2025 13:19:23.914] [main/INFO] [cpw.mods.modlauncher.LaunchServiceHandler/MODLAUNCHER]: Launching target 'neoforgeclientdev' with arguments [--version, 21.4.124, --gameDir, ., --assetsDir, C:\Users\ryank\.gradle\caches\neoformruntime\assets, --assetIndex, 19]
[15Apr2025 13:19:23.991] [main/WARN] [mixin/]: Reference map 'couplings.refmap.json' for couplings.mixins.json could not be read. If this is a development environment you can ignore this message
[15Apr2025 13:19:26.066] [Datafixer Bootstrap/INFO] [com.mojang.datafixers.DataFixerBuilder/]: 246 Datafixer optimizations took 670 milliseconds
[15Apr2025 13:19:26.139] [pool-8-thread-1/INFO] [MixinExtras|Service/]: Initializing MixinExtras via com.llamalad7.mixinextras.service.MixinExtrasServiceImpl(version=0.4.1).
[15Apr2025 13:19:30.721] [main/WARN] [net.minecraft.commands.Commands/]: Ambiguity between arguments [teleport, location] and [teleport, destination] with inputs: [0.1 -0.5 .9, 0 0 0]
[15Apr2025 13:19:30.723] [main/WARN] [net.minecraft.commands.Commands/]: Ambiguity between arguments [teleport, location] and [teleport, targets] with inputs: [0.1 -0.5 .9, 0 0 0]
[15Apr2025 13:19:30.726] [main/WARN] [net.minecraft.commands.Commands/]: Ambiguity between arguments [teleport, destination] and [teleport, targets] with inputs: [Player, 0123, @e, dd12be42-52a9-4a91-a8a1-11c01849e498]
[15Apr2025 13:19:30.727] [main/WARN] [net.minecraft.commands.Commands/]: Ambiguity between arguments [teleport, targets] and [teleport, destination] with inputs: [Player, 0123, dd12be42-52a9-4a91-a8a1-11c01849e498]
[15Apr2025 13:19:30.728] [main/WARN] [net.minecraft.commands.Commands/]: Ambiguity between arguments [teleport, targets, location] and [teleport, targets, destination] with inputs: [0.1 -0.5 .9, 0 0 0]
[15Apr2025 13:19:30.865] [Render thread/WARN] [net.minecraft.server.packs.VanillaPackResourcesBuilder/]: Assets URL 'union:/C:/Users/ryank/Documents/couplings/neoforge/build/moddev/artifacts/neoforge-21.4.124-minecraft.jar%23215!/assets/.mcassetsroot' uses unexpected schema
[15Apr2025 13:19:30.866] [Render thread/WARN] [net.minecraft.server.packs.VanillaPackResourcesBuilder/]: Assets URL 'union:/C:/Users/ryank/Documents/couplings/neoforge/build/moddev/artifacts/neoforge-21.4.124-minecraft.jar%23215!/data/.mcassetsroot' uses unexpected schema
[15Apr2025 13:19:30.899] [Render thread/INFO] [com.mojang.authlib.yggdrasil.YggdrasilAuthenticationService/]: Environment: Environment[sessionHost=https://sessionserver.mojang.com, servicesHost=https://api.minecraftservices.com, name=PROD]
[15Apr2025 13:19:30.910] [Render thread/INFO] [net.minecraft.client.Minecraft/]: Setting user: Dev
[15Apr2025 13:19:31.041] [Render thread/INFO] [net.minecraft.client.Minecraft/]: Backend library: LWJGL version 3.3.3+5
[15Apr2025 13:19:31.289] [modloading-worker-0/INFO] [net.neoforged.neoforge.common.NeoForgeMod/NEOFORGE-MOD]: NeoForge mod loading, version 21.4.124, for MC 1.21.4
[15Apr2025 13:19:31.603] [modloading-sync-worker/WARN] [net.neoforged.fml.config.ConfigTracker/CONFIG]: Configuration file C:\Users\ryank\Documents\couplings\neoforge\run\config\neoforge-client.toml is not correct. Correcting
[15Apr2025 13:19:32.037] [Render thread/INFO] [net.neoforged.neoforge.gametest.GameTestHooks/]: Enabled Gametest Namespaces: [couplings]
[15Apr2025 13:19:32.186] [Render thread/INFO] [net.minecraft.server.packs.resources.ReloadableResourceManager/]: Reloading ResourceManager: vanilla, mod_resources, mod/forgeconfigapiport, mod/couplings, mod/neoforge
[15Apr2025 13:19:32.276] [resourceLoad/INFO] [net.minecraft.client.gui.font.providers.UnihexProvider/]: Found unifont_all_no_pua-16.0.01.hex, loading
[15Apr2025 13:19:32.277] [resourceLoad/INFO] [net.minecraft.client.gui.font.providers.UnihexProvider/]: Found unifont_jp_patch-16.0.01.hex, loading
[15Apr2025 13:19:32.292] [NeoForge Version Check/INFO] [net.neoforged.fml.VersionChecker/]: [forgeconfigapiport] Starting version check at https://raw.githubusercontent.com/Fuzss/modresources/main/update/forgeconfigapiport.json
[15Apr2025 13:19:32.873] [NeoForge Version Check/INFO] [net.neoforged.fml.VersionChecker/]: [forgeconfigapiport] Found status: UP_TO_DATE Current: 21.4.1 Target: null
[15Apr2025 13:19:36.204] [Render thread/INFO] [com.mojang.blaze3d.audio.Library/]: OpenAL initialized on device OpenAL Soft on Speaker (Realtek(R) Audio)
[15Apr2025 13:19:36.205] [Render thread/INFO] [net.minecraft.client.sounds.SoundEngine/SOUNDS]: Sound engine started
[15Apr2025 13:19:36.339] [Render thread/INFO] [net.minecraft.client.renderer.texture.TextureAtlas/]: Created: 1024x512x4 minecraft:textures/atlas/blocks.png-atlas
[15Apr2025 13:19:36.346] [Render thread/INFO] [net.minecraft.client.renderer.texture.TextureAtlas/]: Created: 256x256x4 minecraft:textures/atlas/signs.png-atlas
[15Apr2025 13:19:36.347] [Render thread/INFO] [net.minecraft.client.renderer.texture.TextureAtlas/]: Created: 512x512x4 minecraft:textures/atlas/banner_patterns.png-atlas
[15Apr2025 13:19:36.347] [Render thread/INFO] [net.minecraft.client.renderer.texture.TextureAtlas/]: Created: 512x512x4 minecraft:textures/atlas/shield_patterns.png-atlas
[15Apr2025 13:19:36.348] [Render thread/INFO] [net.minecraft.client.renderer.texture.TextureAtlas/]: Created: 2048x1024x4 minecraft:textures/atlas/armor_trims.png-atlas
[15Apr2025 13:19:36.350] [Render thread/INFO] [net.minecraft.client.renderer.texture.TextureAtlas/]: Created: 256x256x4 minecraft:textures/atlas/chest.png-atlas
[15Apr2025 13:19:36.350] [Render thread/INFO] [net.minecraft.client.renderer.texture.TextureAtlas/]: Created: 128x64x4 minecraft:textures/atlas/decorated_pot.png-atlas
[15Apr2025 13:19:36.351] [Render thread/INFO] [net.minecraft.client.renderer.texture.TextureAtlas/]: Created: 512x256x4 minecraft:textures/atlas/beds.png-atlas
[15Apr2025 13:19:36.351] [Render thread/INFO] [net.minecraft.client.renderer.texture.TextureAtlas/]: Created: 512x256x4 minecraft:textures/atlas/shulker_boxes.png-atlas
[15Apr2025 13:19:36.353] [Render thread/INFO] [net.minecraft.client.renderer.texture.TextureAtlas/]: Created: 64x64x0 minecraft:textures/atlas/map_decorations.png-atlas
[15Apr2025 13:19:36.479] [Render thread/INFO] [net.minecraft.client.renderer.texture.TextureAtlas/]: Created: 512x256x0 minecraft:textures/atlas/particles.png-atlas
[15Apr2025 13:19:36.480] [Render thread/INFO] [net.minecraft.client.renderer.texture.TextureAtlas/]: Created: 512x256x0 minecraft:textures/atlas/paintings.png-atlas
[15Apr2025 13:19:36.480] [Render thread/INFO] [net.minecraft.client.renderer.texture.TextureAtlas/]: Created: 256x128x0 minecraft:textures/atlas/mob_effects.png-atlas
[15Apr2025 13:19:36.480] [Render thread/INFO] [net.minecraft.client.renderer.texture.TextureAtlas/]: Created: 1024x512x0 minecraft:textures/atlas/gui.png-atlas
[15Apr2025 13:19:36.484] [Render thread/INFO] [net.neoforged.neoforge.client.entity.animation.json.AnimationLoader/]: Loaded 0 entity animations
[15Apr2025 13:19:45.010] [Render thread/INFO] [net.minecraft.world.item.crafting.RecipeManager/]: Loaded 1370 recipes
[15Apr2025 13:19:45.021] [Render thread/INFO] [net.minecraft.advancements.AdvancementTree/]: Loaded 1481 advancements
[15Apr2025 13:19:45.022] [Render thread/INFO] [net.neoforged.neoforge.common.crafting.RecipePriorityManager/]: Loaded 0 recipe priority overrides
[15Apr2025 13:19:45.143] [Server thread/INFO] [net.minecraft.client.server.IntegratedServer/]: Starting integrated minecraft server version 1.21.4
[15Apr2025 13:19:45.143] [Server thread/INFO] [net.minecraft.server.MinecraftServer/]: Generating keypair
[15Apr2025 13:19:45.351] [Server thread/INFO] [net.minecraft.server.MinecraftServer/]: Preparing start region for dimension minecraft:overworld
[15Apr2025 13:19:45.537] [progressListener/INFO] [net.minecraft.server.level.progress.LoggerChunkProgressListener/]: Preparing spawn area: 0%
[15Apr2025 13:19:45.701] [Server thread/INFO] [net.neoforged.neoforge.server.permission.PermissionAPI/]: Successfully initialized permission handler neoforge:default_handler
[15Apr2025 13:19:45.710] [progressListener/INFO] [net.minecraft.server.level.progress.LoggerChunkProgressListener/]: Time elapsed: 349 ms
[15Apr2025 13:19:45.768] [Server thread/INFO] [net.minecraft.client.server.IntegratedServer/]: Changing view distance to 12, from 10
[15Apr2025 13:19:45.769] [Server thread/INFO] [net.minecraft.client.server.IntegratedServer/]: Changing simulation distance to 12, from 0
[15Apr2025 13:19:46.563] [Server thread/INFO] [net.minecraft.server.players.PlayerList/]: Dev[local:E:72a8e0ee] logged in with entity id 30 at (-14.384793335599705, -60.0, 12.399782612433812)
[15Apr2025 13:19:46.625] [Server thread/INFO] [net.minecraft.server.MinecraftServer/]: Dev joined the game
[15Apr2025 13:19:47.092] [Render thread/INFO] [net.minecraft.advancements.AdvancementTree/]: Loaded 4 advancements
[15Apr2025 13:19:52.553] [Server thread/INFO] [net.minecraft.client.server.IntegratedServer/]: Saving and pausing game...
[15Apr2025 13:19:52.576] [Server thread/INFO] [net.minecraft.server.MinecraftServer/]: Saving chunks for level 'ServerLevel[New World]'/minecraft:overworld
[15Apr2025 13:19:52.594] [Server thread/INFO] [net.minecraft.server.MinecraftServer/]: Saving chunks for level 'ServerLevel[New World]'/minecraft:the_end
[15Apr2025 13:19:52.595] [Server thread/INFO] [net.minecraft.server.MinecraftServer/]: Saving chunks for level 'ServerLevel[New World]'/minecraft:the_nether
[15Apr2025 13:19:53.311] [Server thread/INFO] [net.minecraft.server.network.ServerGamePacketListenerImpl/]: Dev lost connection: Disconnected
[15Apr2025 13:19:53.311] [Server thread/INFO] [net.minecraft.server.MinecraftServer/]: Dev left the game
[15Apr2025 13:19:53.328] [Server thread/INFO] [net.minecraft.server.network.ServerCommonPacketListenerImpl/]: Stopping singleplayer server as player logged out
[15Apr2025 13:19:53.370] [Server thread/INFO] [net.minecraft.server.MinecraftServer/]: Stopping server
[15Apr2025 13:19:53.370] [Server thread/INFO] [net.minecraft.server.MinecraftServer/]: Saving players
[15Apr2025 13:19:53.370] [Server thread/INFO] [net.minecraft.server.MinecraftServer/]: Saving worlds
[15Apr2025 13:19:53.598] [Server thread/INFO] [net.minecraft.server.MinecraftServer/]: Saving chunks for level 'ServerLevel[New World]'/minecraft:overworld
[15Apr2025 13:19:53.663] [Server thread/INFO] [net.minecraft.server.MinecraftServer/]: Saving chunks for level 'ServerLevel[New World]'/minecraft:the_end
[15Apr2025 13:19:53.669] [Server thread/INFO] [net.minecraft.server.MinecraftServer/]: Saving chunks for level 'ServerLevel[New World]'/minecraft:the_nether
[15Apr2025 13:19:53.682] [Server thread/INFO] [net.minecraft.server.MinecraftServer/]: ThreadedAnvilChunkStorage (New World): All chunks are saved
[15Apr2025 13:19:53.683] [Server thread/INFO] [net.minecraft.server.MinecraftServer/]: ThreadedAnvilChunkStorage (DIM1): All chunks are saved
[15Apr2025 13:19:53.683] [Server thread/INFO] [net.minecraft.server.MinecraftServer/]: ThreadedAnvilChunkStorage (DIM-1): All chunks are saved
[15Apr2025 13:19:53.683] [Server thread/INFO] [net.minecraft.server.MinecraftServer/]: ThreadedAnvilChunkStorage: All dimensions are saved
[15Apr2025 13:19:54.433] [Render thread/INFO] [net.minecraft.client.Minecraft/]: Stopping!
